---
source: tui/src/app/tests.rs
assertion_line: 3628
expression: rendered
---
╭──────────────────────────────────────────────────────────────────────╮
│  ####  ###  ####  ##### #   #    ####   ###  #   # ##### ##### ####  │
│ #     #   # #   # #      # #     #   # #   # #   #   #   #     #   # │
│ #     #   # #   # #       #      #   # #   # #   #   #   #     #   # │
│ #     #   # #   # ####    #      ####  #   # #   #   #   ####  ####  │
│ #     #   # #   # #       #      # #   #   # #   #   #   #     # #   │
│ #     #   # #   # #      # #     #  #  #   # #   #   #   #     #  #  │
│  ####  ###  ####  ##### #   #    #   #  ###   ###    #   ##### #   # │
│ >_ Codex Router (v<VERSION>)                                         │
│ model:     gpt-5.4 xhigh   fast   /model to change                   │
│ directory: /tmp/project                                              │
╰──────────────────────────────────────────────────────────────────────╯
