---
source: tui/src/history_cell.rs
expression: rendered
---
╭──────────────────────────────────────────────────────────────────────╮
│  ____ ___  ____  _______  __   ____   ___  _   _ _____ _____ ____    │
│ / ___/ _ \|  _ \| ____\ \/ /  |  _ \ / _ \| | | |_   _| ____|  _ \   │
│ | |  | | | | | | |  _|  \  /   | |_) | | | | | | | | | |  _| | |_) | │
│ | |__| |_| | |_| | |___ /  \   |  _ <| |_| | |_| | | | | |___|  _ <  │
│ \____\___/|____/|_____/_/\_\  |_| \_\\___/ \___/  |_| |_____|_| \_\  │
│                                                                      │
│ >_ Codex Router (vtest)                                              │
│                                                                      │
│ model:       gpt-5   /model to change                                │
│ directory:   /tmp/project                                            │
│ permissions: YOLO mode                                               │
╰──────────────────────────────────────────────────────────────────────╯
