---
source: tui/src/bottom_pane/chat_composer.rs
expression: terminal.backend()
---
"                          "
"› Ask Codex Router to do  "
"                          "
"                          "
"                          "
"                          "
"                          "
"                          "
"  Plan mode               "
